--------- beginning of main
10-14 17:57:31.287  3940  4194 D OK-HTTP : 请求链接：https://version-stage.yangcong345.com/version/check
10-14 17:57:31.287  3940  4194 D OK-HTTP : 请求方法：POST
10-14 17:57:31.287  3940  4194 D OK-HTTP : 请求头部：
10-14 17:57:31.287  3940  4194 D OK-HTTP :
10-14 17:57:31.287  3940  4194 D OK-HTTP : 请求体：
10-14 17:57:31.287  3940  4194 D OK-HTTP : {"category":"ycmath","channel":"guanghetv","platform":"android","version":"7.68.0"}
10-14 17:57:31.287  3940  4194 D OK-HTTP : 返回头部：
10-14 17:57:31.287  3940  4194 D OK-HTTP : date: Mon, 14 Oct 2024 09:57:31 GMT
10-14 17:57:31.287  3940  4194 D OK-HTTP : content-type: application/json; charset=utf-8
10-14 17:57:31.287  3940  4194 D OK-HTTP : content-length: 453
10-14 17:57:31.287  3940  4194 D OK-HTTP : access-control-allow-credentials: true
10-14 17:57:31.287  3940  4194 D OK-HTTP : access-control-allow-headers: Authorization, Accept-Encoding, Cache-Control, Content-Type, Content-Length, Range, Referer, X-CSRF-Token, X-Requested-With,appid, accept, client-category, client-channel, client-identity, client-type, client-version, env, eventtime, eventTime, omvd, omvd, origin, params-style, source, timestamp, uid, userId, version, x-key, x-key-ignore
10-14 17:57:31.287  3940  4194 D OK-HTTP : access-control-allow-methods: POST, OPTIONS, GET, PUT
10-14 17:57:31.287  3940  4194 D OK-HTTP : access-control-allow-origin: *
10-14 17:57:31.287  3940  4194 D OK-HTTP : access-control-expose-headers: params-style
10-14 17:57:31.287  3940  4194 D OK-HTTP : strict-transport-security: max-age=15724800; includeSubDomains
10-14 17:57:31.287  3940  4194 D OK-HTTP :
10-14 17:57:31.287  3940  4194 D OK-HTTP : 返回内容：
10-14 17:57:31.287  3940  4194 D OK-HTTP : 状态码：200，
10-14 17:57:31.287  3940  4194 D OK-HTTP : 返回内容：{"id":"3aba3a2a-7268-4736-8dc8-2d921ef103f4","title":"","image":"","note":"","category":"ycmath","platform":"android","strategy":"common","update":true,"build":189,"version":"5.39.0","apkUrl":"https://mobile.content.yangcong345.com/ycmath-5.39.0-189-guanghetv-651e61ea91d34d405cd4b5241c16032369c5ca0e.apk","apkSize":"82.52MB","channel":"guanghetv","createdAt":"2020-11-04T14:53:11.345+08:00","updatedAt":"2020-11-04T14:53:11.345+08:00","deletedAt":null}
10-14 17:57:31.287  3940  4194 D OK-HTTP :
10-14 17:57:31.287  3940  4194 D CUSTOM_DNS: 耗时监测，url:https://version-stage.yangcong345.com/version/check,耗时：142
--------- beginning of system
10-14 17:57:31.328  1021  1021 W AccessibilityManagerService:  wait for adding window timeout: 26
10-14 17:57:31.340  3085  3085 D onAccessibilityEvent111: EventType: TYPE_WINDOW_STATE_CHANGED; EventTime: 107377; PackageName: com.yangcong345.android.phone; MovementGranularity: 0; Action: 0; ContentChangeTypes: []; WindowChangeTypes: [] [ ClassName: android.widget.FrameLayout; Text: [应用图标]; ContentDescription: null; ItemCount: -1; CurrentItemIndex: -1; Enabled: true; Password: false; Checked: false; FullScreen: false; Scrollable: false; BeforeText: null; FromIndex: -1; ToIndex: -1; ScrollX: 0; ScrollY: 0; MaxScrollX: 0; MaxScrollY: 0; ScrollDeltaX: -1; ScrollDeltaY: -1; AddedCount: -1; RemovedCount: -1; ParcelableData: null ]; recordCount: 0
10-14 17:57:31.341  3085  3085 D onAccessibilityEvent122: source  null
10-14 17:57:31.342   492   538 I Proximity: distance = 2
10-14 17:57:31.343  1021  1398 W SensorService: Failed to write wake lock handled
10-14 17:57:31.390   715   750 D AAL     : 10-14 05:57:31.244 BL= 442,ESS= 256, 10-14 05:57:31.277 BL= 443,ESS= 256, 10-14 05:57:31.325 BL= 444,ESS= 256, 10-14 05:57:31.358 BL= 445,ESS= 256, 10-14 05:57:31.390 BL= 446,ESS= 256,
10-14 17:57:31.404  1021  1163 D WindowManager: setParent old=ActivityRecord{c352b22 u0 com.yangcong345.android.phone/com.yangcong345.main.phone.splash.SplashActivity} t158 f}},new=null,this window=Window{3e29ee9 u0 Splash Screen com.yangcong345.android.phone},callers=com.android.server.wm.WindowContainer.removeChild:772 com.android.server.wm.ActivityRecord.removeChild:4272 com.android.server.wm.ActivityRecord.removeChild:380 com.android.server.wm.WindowContainer.removeImmediately:828 com.android.server.wm.WindowState.removeImmediately:2514 com.android.server.wm.WindowState.destroySurface:3615
10-14 17:57:31.404  1021  1163 W InputManager-JNI: Input channel object '3e29ee9 Splash Screen com.yangcong345.android.phone (client)' was disposed without first being removed with the input manager!
--------- beginning of events
10-14 17:57:31.410  1021  1162 I wm_destroy_activity: [0,204811042,158,com.yangcong345.android.phone/com.yangcong345.main.phone.splash.SplashActivity,finish-imm:idle]
10-14 17:57:31.410  1021  1162 I PowerHalWrapper: amsBoostNotify pid:3940,activity:com.yangcong345.main.phone.splash.SplashActivity, package:com.yangcong345.android.phone, mProcessCreatePackcom.yangcong345.eye.protection
10-14 17:57:31.410  1021  1162 I PowerHalWrapper: state: 0
10-14 17:57:31.410  1021  1162 I mtkpower_client: [Legacy][PowerHal_Wrap_notifyAppState] com.yangcong345.android.phone/com.yangcong345.main.phone.splash.SplashActivity pid=3940 state:0
10-14 17:57:31.410  1021  1162 I game_scn: collectForegroundAppList packName=com.yangcong345.android.phone, actName=com.yangcong345.main.phone.splash.SplashActivity, pid=3940, uid=10069, state:PAUSED
10-14 17:57:31.410  1021  1162 I game_scn: powerNotifyForegroundApp multi_resumed_app_info: pid: 3178, packname: com.yangcong345.eye.protection, actname: com.yangcong345.eye.protection.pro.DetailMainActivity
10-14 17:57:31.410  1021  1162 I PowerHalWrapper: amsBoostNotify AMS_BOOST_PROCESS_CREATE_BOOST:false
10-14 17:57:31.411   500   576 I libPowerHal: [perfNotifyAppState] pack:com.yangcong345.android.phone, act:com.yangcong345.main.phone.splash.SplashActivity, state:0, pid:3940, uid:10069, fps:-1
10-14 17:57:31.412  3940  3940 V Activity: onDestroy com.yangcong345.main.phone.splash.SplashActivity@da3a728
10-14 17:57:31.416  3940  3940 W 5.android.phone: Accessing hidden field Landroid/view/inputmethod/InputMethodManager;->mCurRootView:Landroid/view/ViewRootImpl; (blocked, reflection, denied)
10-14 17:57:31.418  3940  3940 D ActivityLifecycleShanYanTask: onActivityDestroyed name**com.yangcong345.main.phone.splash.SplashActivity**
10-14 17:57:31.418  3940  3940 D CrashReport: >>> com.yangcong345.main.phone.splash.SplashActivity onDestroyed <<<
10-14 17:57:31.420  3940  3940 I wm_on_destroy_called: [204811042,com.yangcong345.main.phone.splash.SplashActivity,performDestroy]
10-14 17:57:31.421  1021  3533 D WindowManager: setParent old=Task{527a3b8 #158 type=standard A=10069:com.yangcong345.android.phone U=0 visible=false visibleRequested=false mode=fullscreen translucent=true sz=0},new=null,this window=ActivityRecord{c352b22 u0 com.yangcong345.android.phone/com.yangcong345.main.phone.splash.SplashActivity} t158 f}},callers=com.android.server.wm.WindowContainer.removeChild:772 com.android.server.wm.TaskFragment.removeChild:2565 com.android.server.wm.Task.removeChild:1499 com.android.server.wm.Task.removeChild:1482 com.android.server.wm.WindowContainer.removeImmediately:828 com.android.server.wm.WindowToken.removeImmediately:350
10-14 17:57:31.422  1021  3533 I wm_task_removed: [158,removeChild:removeChild last r=ActivityRecord{c352b22 u0 com.yangcong345.android.phone/com.yangcong345.main.phone.splash.SplashActivity} t-1 f}} in t=Task{527a3b8 #158 type=standard A=10069:com.yangcong345.android.phone U=0 visible=false visibleRequested=false mode=fullscreen translucent=true sz=0}]
10-14 17:57:31.422  1021  3533 I wm_task_removed: [158,removeChild]
10-14 17:57:31.422  1021  5279 D libMEOW : meow new tls: 0xb40000700c4da160
10-14 17:57:31.423  1021  5279 D libMEOW : applied 0 plugin for [system_server].
10-14 17:57:31.423  1021  5279 D libMEOW : rebuild call chain: 0xb40000700c4ba140
10-14 17:57:31.425  1021  3533 D WindowManager: setParent old=DefaultTaskDisplayArea@227847002,new=null,this window=Task{527a3b8 #158 type=standard A=10069:com.yangcong345.android.phone U=0 visible=false visibleRequested=false mode=fullscreen translucent=true sz=0},callers=com.android.server.wm.WindowContainer.removeChild:772 com.android.server.wm.TaskDisplayArea.removeChildTask:359 com.android.server.wm.TaskDisplayArea.removeChild:350 com.android.server.wm.WindowContainer.removeImmediately:828 com.android.server.wm.TaskFragment.removeImmediately:2645 com.android.server.wm.Task.removeImmediately:2587
10-14 17:57:31.430   369   369 I hwservicemanager: getTransport: Cannot find entry android.hardware.configstore@1.0::ISurfaceFlingerConfigs/default in either framework or device VINTF manifest.
10-14 17:57:31.431  1021  5279 E OpenGLRenderer: Device claims wide gamut support, cannot find matching config, error = EGL_SUCCESS
10-14 17:57:31.432  1021  5279 W OpenGLRenderer: Failed to initialize 101010-2 format, error = EGL_SUCCESS
10-14 17:57:31.436  1021  5279 D skia    : GrGLMakeAssembledInterface verStr OpenGL ES 3.2 v1.r32p1-01eac0.2a893c04ca0026c2e6802dbe7d7af5c5
10-14 17:57:31.436  1021  5279 D skia    : GrGLMakeAssembledGLESInterface verStr OpenGL ES 3.2 v1.r32p1-01eac0.2a893c04ca0026c2e6802dbe7d7af5c5
10-14 17:57:31.436  1021  5279 D skia    : extensions init verString=OpenGL ES 3.2 v1.r32p1-01eac0.2a893c04ca0026c2e6802dbe7d7af5c5
10-14 17:57:31.448  3178  4443 I .eye.protection: Explicit concurrent copying GC freed 17100(899KB) AllocSpace objects, 2(36KB) LOS objects, 49% free, 4940KB/9881KB, paused 58us,52us total 31.721ms
10-14 17:57:31.449  3178  3212 I .eye.protection: WaitForGcToComplete blocked HeapTrim on Explicit for 15.515ms
10-14 17:57:31.451  1021  5279 D hw-ProcessState: Binder ioctl to enable oneway spam detection failed: Invalid argument
10-14 17:57:31.461  1021  5279 I mali    : [DebugProp] GPU Debug-Mechanism Disable !
10-14 17:57:31.467   500   576 I mtkpower@impl: [powerd_req] TIMER_MSG_PERF_LOCK_TIMEOUT hdl:73
10-14 17:57:31.467   500   576 I libPowerHal: [perfLockRel] hdl:73, idx:0
10-14 17:57:31.467   500   576 I libPowerHal: MTKPOWER_HINT_PACK_SWITCH: cpu_ctrl set cpu freq: -1 -1 -1 -1
10-14 17:57:31.467   500   576 I libPowerHal: [PD] MTKPOWER_HINT_PACK_SWITCH update cmd:1000000, param:-1
10-14 17:57:31.467   500   576 I libPowerHal: [PD] MTKPOWER_HINT_PACK_SWITCH update cmd:1408300 param:0
10-14 17:57:31.468   500   576 I libPowerHal: [PD] MTKPOWER_HINT_PACK_SWITCH update cmd:1000000 param:-1
10-14 17:57:31.529  1021  5279 I GED     : ged_boost_gpu_freq, level 100, eOrigin 2, final_idx 29, oppidx_max 29, oppidx_min 0
10-14 17:57:31.540  1021  1190 I am_uid_idle: 10043
10-14 17:57:31.546   492   538 I Proximity: distance = 2
10-14 17:57:31.548  1021  1398 W SensorService: Failed to write wake lock handled
10-14 17:57:31.619   715   750 D AAL     : 10-14 05:57:31.422 BL= 447,ESS= 256, 10-14 05:57:31.471 BL= 448,ESS= 256, 10-14 05:57:31.503 BL= 449,ESS= 256, 10-14 05:57:31.537 BL= 448,ESS= 256, 10-14 05:57:31.619 BL= 449,ESS= 256,
10-14 17:57:31.674   485   843 I hwcomposer: [HWCDisplay] [Display_0 (type:1)] fps:60.653103,dur:1005.72,max:32.30,min:11.40
10-14 17:57:31.677  5215  5215 I auditd  : type=1400 audit(0.0:5432): avc: denied { read } for comm="commands.monkey" name="u:object_r:qemu_sf_lcd_density_prop:s0" dev="tmpfs" ino=7449 scontext=u:r:shell:s0 tcontext=u:object_r:qemu_sf_lcd_density_prop:s0 tclass=file permissive=1
10-14 17:57:31.677  5215  5215 I commands.monkey: type=1400 audit(0.0:5432): avc: denied { read } for name="u:object_r:qemu_sf_lcd_density_prop:s0" dev="tmpfs" ino=7449 scontext=u:r:shell:s0 tcontext=u:object_r:qemu_sf_lcd_density_prop:s0 tclass=file permissive=1
10-14 17:57:31.677  5215  5215 I auditd  : type=1400 audit(0.0:5433): avc: denied { open } for comm="commands.monkey" path="/dev/__properties__/u:object_r:qemu_sf_lcd_density_prop:s0" dev="tmpfs" ino=7449 scontext=u:r:shell:s0 tcontext=u:object_r:qemu_sf_lcd_density_prop:s0 tclass=file permissive=1
10-14 17:57:31.677  5215  5215 I commands.monkey: type=1400 audit(0.0:5433): avc: denied { open } for path="/dev/__properties__/u:object_r:qemu_sf_lcd_density_prop:s0" dev="tmpfs" ino=7449 scontext=u:r:shell:s0 tcontext=u:object_r:qemu_sf_lcd_density_prop:s0 tclass=file permissive=1
10-14 17:57:31.677  5215  5215 I auditd  : type=1400 audit(0.0:5434): avc: denied { getattr } for comm="commands.monkey" path="/dev/__properties__/u:object_r:qemu_sf_lcd_density_prop:s0" dev="tmpfs" ino=7449 scontext=u:r:shell:s0 tcontext=u:object_r:qemu_sf_lcd_density_prop:s0 tclass=file permissive=1
10-14 17:57:31.677  5215  5215 I commands.monkey: type=1400 audit(0.0:5434): avc: denied { getattr } for path="/dev/__properties__/u:object_r:qemu_sf_lcd_density_prop:s0" dev="tmpfs" ino=7449 scontext=u:r:shell:s0 tcontext=u:object_r:qemu_sf_lcd_density_prop:s0 tclass=file permissive=1
10-14 17:57:31.677  5215  5215 I auditd  : type=1400 audit(0.0:5435): avc: denied { map } for comm="commands.monkey" path="/dev/__properties__/u:object_r:qemu_sf_lcd_density_prop:s0" dev="tmpfs" ino=7449 scontext=u:r:shell:s0 tcontext=u:object_r:qemu_sf_lcd_density_prop:s0 tclass=file permissive=1
10-14 17:57:31.677  5215  5215 I commands.monkey: type=1400 audit(0.0:5435): avc: denied { map } for path="/dev/__properties__/u:object_r:qemu_sf_lcd_density_prop:s0" dev="tmpfs" ino=7449 scontext=u:r:shell:s0 tcontext=u:object_r:qemu_sf_lcd_density_prop:s0 tclass=file permissive=1
10-14 17:57:31.681   715   750 D AAL     : 10-14 05:57:31.649 BL= 448,ESS= 256, 10-14 05:57:31.665 BL= 449,ESS= 256,
10-14 17:57:31.685  5215  5215 I Monkey  : :Sending Touch (ACTION_DOWN): 0:(1116.0,724.0)
10-14 17:57:31.688   500   576 I libPowerHal: [perfLockAcq] idx:0 hdl:75 hint:25 pid:500 duration:10000 lock_user:mtkpower@1.0-se => ret_hdl:75
10-14 17:57:31.688   500   576 I libPowerHal: [PE] MTKPOWER_HINT_APP_TOUCH update cmd:3408600 param:1
10-14 17:57:31.695  5215  5215 I Monkey  : :Sending Touch (ACTION_UP): 0:(1116.8796,703.9431)
10-14 17:57:31.697   500   576 I libPowerHal: [perfLockRel] hdl:75, idx:0
10-14 17:57:31.698   500   576 I libPowerHal: [PD] MTKPOWER_HINT_APP_TOUCH update cmd:3408600 param:0
10-14 17:57:31.698  5215  5215 I Monkey  : Sleeping for 1000 milliseconds
10-14 17:57:31.751   492   538 I Proximity: distance = 2
10-14 17:57:31.753  1021  1398 W SensorService: Failed to write wake lock handled
10-14 17:57:31.769  1910  2245 D View    : [Warning] assignParent to null: this = android.widget.FrameLayout{8d4eb9c G.E...... ......ID 0,0-1200,1920}
10-14 17:57:31.772  1021  3533 W WindowManager: Failed looking up window session=Session{f40a3b 1910:u0a10096} callers=com.android.server.wm.WindowManagerService.windowForClientLocked:6064 com.android.server.wm.WindowManagerService.relayoutWindow:2281 com.android.server.wm.Session.relayout:267
10-14 17:57:31.774  1910  2245 D BLASTBufferQueue: [VRI[phone]#10](f:0,a:1) destructor()
10-14 17:57:31.774  1910  2245 D BufferQueueConsumer: [VRI[phone]#10(BLAST Consumer)10](id:7760000000a,api:0,p:-1,c:1910) disconnect
10-14 17:57:31.779  1021  3533 W WindowManager: Failed looking up window session=Session{f40a3b 1910:u0a10096} callers=com.android.server.wm.WindowManagerService.windowForClientLocked:6064 com.android.server.wm.Session.setOnBackInvokedCallbackInfo:949 android.view.IWindowSession$Stub.onTransact:1209
10-14 17:57:31.779  1021  3533 E WindowManager: setOnBackInvokedCallback(): No window state for package:com.android.systemui
10-14 17:57:31.779  1021  3083 W WindowManager: Cannot find window which accessibility connection is added to
10-14 17:57:31.781  1021  3083 W WindowManager: Failed looking up window session=Session{f40a3b 1910:u0a10096} callers=com.android.server.wm.WindowManagerService.windowForClientLocked:6064 com.android.server.wm.WindowManagerService.removeWindow:2075 com.android.server.wm.Session.remove:229
10-14 17:57:31.782  1910  2245 D InputTransport: Destroy ARC handle: 0xb400006e2c3e3020
10-14 17:57:31.783   510   510 I BufferQueueDebug: [Splash Screen com.yangcong345.android.phone#184](this:0xb400007b661f6668,id:-1,api:0,p:-1,c:510) onDestructor()
10-14 17:57:31.819  1021  1190 I am_uid_idle: 2000
10-14 17:57:31.845  3940  3940 I MMKV    : <MMKV.cpp:226::initializeMMKV> root dir: /data/user/0/com.yangcong345.android.phone/files/mmkv
10-14 17:57:31.846  3940  3940 I MMKV    : <MemoryFile.cpp:97::open> open fd[0xed], /data/user/0/com.yangcong345.android.phone/files/mmkv/prefs_eye_protection
10-14 17:57:31.847  3940  3940 I MMKV    : <MemoryFile.cpp:202::mmap> mmap to address [0x70b5008000], oldPtr [0x0], [/data/user/0/com.yangcong345.android.phone/files/mmkv/prefs_eye_protection]
10-14 17:57:31.848  3940  3940 I MMKV    : <MemoryFile.cpp:97::open> open fd[0xee], /data/user/0/com.yangcong345.android.phone/files/mmkv/prefs_eye_protection.crc
10-14 17:57:31.849  3940  3940 I MMKV    : <MemoryFile.cpp:202::mmap> mmap to address [0x70b26e1000], oldPtr [0x0], [/data/user/0/com.yangcong345.android.phone/files/mmkv/prefs_eye_protection.crc]
10-14 17:57:31.856  3940  3940 I MMKV    : <MMKV_IO.cpp:80::loadFromFile> loading [prefs_eye_protection] with 0 actual size, file size 4096, InterProcess 0, meta info version:0
10-14 17:57:31.856  3940  3940 I MMKV    : <MMKV_IO.cpp:129::loadFromFile> loaded [prefs_eye_protection] with 0 key-values
10-14 17:57:31.944  1021  1070 I system_server: NativeAlloc concurrent copying GC freed 253119(11MB) AllocSpace objects, 20(400KB) LOS objects, 49% free, 16MB/33MB, paused 378us,280us total 345.950ms
10-14 17:57:31.954   492   538 I Proximity: distance = 2
10-14 17:57:31.957  1021  1398 W SensorService: Failed to write wake lock handled
10-14 17:57:31.959   500   565 I libPerfCtl: xgfGetFPS pid:1021 fps:-1
10-14 17:57:31.959   500   565 I libPerfCtl: xgfGetFPS pid:1910 fps:64
10-14 17:57:31.959   500   565 I libPerfCtl: xgfGetFPS pid:3178 fps:-1
10-14 17:57:31.962  1021  1162 W AccessibilityWindowsPopulator: Windows change within in 2 frames continuously over 500 ms and notify windows changed immediately
10-14 17:57:31.988  1021  1072 W System  : A resource failed to call release.
10-14 17:57:31.998  1021  1072 W System  : A resource failed to call HardwareBuffer.close.
10-14 17:57:32.000  1021  1072 W System  : A resource failed to call HardwareBuffer.close.
10-14 17:57:32.007  1021  1190 I am_uid_idle: 10098
10-14 17:57:32.015  1021  1072 W System  : A resource failed to call HardwareBuffer.close.
10-14 17:57:32.016  1021  1072 W System  : A resource failed to call HardwareBuffer.close.
10-14 17:57:32.025  1021  1072 W System  : A resource failed to call CursorWindow.close.
10-14 17:57:32.026  1021  1072 W System  : A resource failed to call AbstractCursor.close.
10-14 17:57:32.026  1021  1072 W System  : A resource failed to call CursorWindow.close.
10-14 17:57:32.027  1021  1072 W System  : A resource failed to call AbstractCursor.close.
10-14 17:57:32.027  1021  1072 W System  : A resource failed to call CursorWindow.close.
10-14 17:57:32.027  1021  1072 W System  : A resource failed to call AbstractCursor.close.
10-14 17:57:32.032  1021  1072 W System  : A resource failed to call HardwareBuffer.close.
10-14 17:57:32.033  1021  1072 W System  : A resource failed to call HardwareBuffer.close.
10-14 17:57:32.101  2929  2929 I Monkey  : :Sending Touch (ACTION_DOWN): 0:(205.0,831.0)
10-14 17:57:32.105   500   576 I libPowerHal: [perfLockAcq] idx:0 hdl:76 hint:25 pid:500 duration:10000 lock_user:mtkpower@1.0-se => ret_hdl:76
10-14 17:57:32.106   500   576 I libPowerHal: [PE] MTKPOWER_HINT_APP_TOUCH update cmd:3408600 param:1
10-14 17:57:32.106  2929  2929 I Monkey  : :Sending Touch (ACTION_UP): 0:(197.0437,833.0098)
10-14 17:57:32.108   500   576 I libPowerHal: [perfLockRel] hdl:76, idx:0
10-14 17:57:32.108   500   576 I libPowerHal: [PD] MTKPOWER_HINT_APP_TOUCH update cmd:3408600 param:0
10-14 17:57:32.110  2929  2929 I Monkey  : Sleeping for 1000 milliseconds
10-14 17:57:32.158   492   538 I Proximity: distance = 2
10-14 17:57:32.160  1021  1398 W SensorService: Failed to write wake lock handled
10-14 17:57:32.363   492   538 I Proximity: distance = 2
10-14 17:57:32.365  1021  1398 W SensorService: Failed to write wake lock handled
10-14 17:57:32.567   492   538 I Proximity: distance = 2
10-14 17:57:32.569  1021  1398 W SensorService: Failed to write wake lock handled
10-14 17:57:32.700  5215  5215 I Monkey  : :Sending Touch (ACTION_DOWN): 0:(690.0,1179.0)
10-14 17:57:32.704  5215  5215 I Monkey  : :Sending Touch (ACTION_MOVE): 0:(677.43774,1181.5883)
10-14 17:57:32.705   500   576 I libPowerHal: [perfLockAcq] idx:0 hdl:77 hint:25 pid:500 duration:10000 lock_user:mtkpower@1.0-se => ret_hdl:77
10-14 17:57:32.706   500   576 I libPowerHal: [PE] MTKPOWER_HINT_APP_TOUCH update cmd:3408600 param:1
10-14 17:57:32.707  5215  5215 I Monkey  : :Sending Touch (ACTION_MOVE): 0:(662.41766,1181.6316)
10-14 17:57:32.710  5215  5215 I Monkey  : :Sending Touch (ACTION_MOVE): 0:(640.1749,1183.4142)
10-14 17:57:32.712  5215  5215 I Monkey  : :Sending Touch (ACTION_UP): 0:(625.79346,1187.2007)
10-14 17:57:32.712  1021  3083 I input_cancel: [69eccc1 com.yangcong345.eye.protection/com.yangcong345.eye.protection.pro.DetailMainActivity (server),reason=input channel stole pointer stream]
10-14 17:57:32.713  1021  3083 I input_cancel: [[Gesture Monitor] edge-swipe (server),reason=input channel stole pointer stream]
10-14 17:57:32.713  1021  3083 I InputDispatcher: Channel [Gesture Monitor] swipe-up (server) is stealing touch from [69eccc1 com.yangcong345.eye.protection/com.yangcong345.eye.protection.pro.DetailMainActivity (server), [Gesture Monitor] edge-swipe (server)]
10-14 17:57:32.713  3178  3178 I view_enqueue_input_event: [Motion - Cancel,com.yangcong345.eye.protection/com.yangcong345.eye.protection.pro.DetailMainActivity]
10-14 17:57:32.714  1021  3083 W ActivityTaskManager: zzg getRecentTasksImpl intentcmp=ComponentInfo{com.yangcong345.eye.protection/com.yangcong345.eye.protection.LauncherActivity}, intentDataStr=null
10-14 17:57:32.715  1021  3083 W ActivityTaskManager: zzg getRecentTasksImpl intentcmp=ComponentInfo{com.yangcong345.android.phone/com.yangcong345.main.phone.splash.SplashActivity}, intentDataStr=null
10-14 17:57:32.715   500   576 I libPowerHal: [perfLockRel] hdl:77, idx:0
10-14 17:57:32.715  1021  3083 W ActivityTaskManager: zzg getRecentTasksImpl intentcmp=ComponentInfo{com.debug.loggerui/com.debug.loggerui.MainActivity}, intentDataStr=null
10-14 17:57:32.715  1021  3083 W ActivityTaskManager: zzg getRecentTasksImpl intentcmp=ComponentInfo{com.yangcong345.pad.systemsetting/com.yangcong345.pad.systemsetting.SystemSettingActivity}, intentDataStr=null
10-14 17:57:32.715   500   576 I libPowerHal: [PD] MTKPOWER_HINT_APP_TOUCH update cmd:3408600 param:0
10-14 17:57:32.717  5215  5215 I Monkey  : Sleeping for 1000 milliseconds
10-14 17:57:32.720   500   523 I mtkpower@impl: [setMode] type:5, enabled:1
10-14 17:57:32.720   500   576 I libPowerHal: [perfLockAcq] idx:0 hdl:78 hint:11 pid:500 duration:30000 lock_user:mtkpower@1.0-se => ret_hdl:78
10-14 17:57:32.720   500   576 I libPowerHal: LAUNCH: cpu_ctrl set cpu freq: 1800000 -1 2000000 -1
10-14 17:57:32.721   500   576 I libPowerHal: [PE] LAUNCH update cmd:1000000, param:0
10-14 17:57:32.721  1021  3533 I ActivityTaskManager: START u0 {act=android.intent.action.MAIN cat=[android.intent.category.DEFAULT] flg=0x10010000 cmp=com.android.launcher3/com.android.quickstep.RecentsActivity (has extras)} from uid 10095
10-14 17:57:32.721   500   576 I libPowerHal: [PE] LAUNCH update cmd:1408300, param:100
10-14 17:57:32.721   500   576 I libPowerHal: [PE] LAUNCH update cmd:1000000 param:0
10-14 17:57:32.722  5215  5251 I Monkey  :     // Rejecting start of Intent { act=android.intent.action.MAIN cat=[android.intent.category.DEFAULT] cmp=com.android.launcher3/com.android.quickstep.RecentsActivity } in package com.android.launcher3
10-14 17:57:32.723  1021  3533 E RecentsAnimation: Failed to start recents activity
10-14 17:57:32.723  1021  3533 E RecentsAnimation: java.lang.NullPointerException: Attempt to invoke virtual method 'boolean com.android.server.wm.Task.shouldBeVisible(com.android.server.wm.ActivityRecord)' on a null object reference
10-14 17:57:32.723  1021  3533 E RecentsAnimation: 	at com.android.server.wm.TaskDisplayArea.moveRootTaskBehindBottomMostVisibleRootTask(TaskDisplayArea.java:1703)
10-14 17:57:32.723  1021  3533 E RecentsAnimation: 	at com.android.server.wm.RecentsAnimation.startRecentsActivity(RecentsAnimation.java:233)
10-14 17:57:32.723  1021  3533 E RecentsAnimation: 	at com.android.server.wm.ActivityTaskManagerService.startRecentsActivity(ActivityTaskManagerService.java:1771)
10-14 17:57:32.723  1021  3533 E RecentsAnimation: 	at android.app.IActivityTaskManager$Stub.onTransact(IActivityTaskManager.java:1171)
10-14 17:57:32.723  1021  3533 E RecentsAnimation: 	at com.android.server.wm.ActivityTaskManagerService.onTransact(ActivityTaskManagerService.java:5229)
10-14 17:57:32.723  1021  3533 E RecentsAnimation: 	at android.os.Binder.execTransactInternal(Binder.java:1280)
10-14 17:57:32.723  1021  3533 E RecentsAnimation: 	at android.os.Binder.execTransact(Binder.java:1244)
10-14 17:57:32.724  1021  3533 W ActivityTaskManager: ActivityTaskManager onTransact aborts UID:10095 PID:2481
10-14 17:57:32.724  1021  3533 W ActivityTaskManager: java.lang.NullPointerException: Attempt to invoke virtual method 'boolean com.android.server.wm.Task.shouldBeVisible(com.android.server.wm.ActivityRecord)' on a null object reference
10-14 17:57:32.724  1021  3533 W ActivityTaskManager: 	at com.android.server.wm.TaskDisplayArea.moveRootTaskBehindBottomMostVisibleRootTask(TaskDisplayArea.java:1703)
10-14 17:57:32.724  1021  3533 W ActivityTaskManager: 	at com.android.server.wm.RecentsAnimation.startRecentsActivity(RecentsAnimation.java:233)
10-14 17:57:32.724  1021  3533 W ActivityTaskManager: 	at com.android.server.wm.ActivityTaskManagerService.startRecentsActivity(ActivityTaskManagerService.java:1771)
10-14 17:57:32.724  1021  3533 W ActivityTaskManager: 	at android.app.IActivityTaskManager$Stub.onTransact(IActivityTaskManager.java:1171)
10-14 17:57:32.724  1021  3533 W ActivityTaskManager: 	at com.android.server.wm.ActivityTaskManagerService.onTransact(ActivityTaskManagerService.java:5229)
10-14 17:57:32.724  1021  3533 W ActivityTaskManager: 	at android.os.Binder.execTransactInternal(Binder.java:1280)
10-14 17:57:32.724  1021  3533 W ActivityTaskManager: 	at android.os.Binder.execTransact(Binder.java:1244)
10-14 17:57:32.727  1910  1910 V ShadeControllerImpl: NotificationShadeWindow: com.android.systemui.statusbar.phone.NotificationShadeWindowView{cdbf74 I.E...... ......ID 0,0-1920,1200} canPanelBeCollapsed(): false
10-14 17:57:32.770   492   538 I Proximity: distance = 2
10-14 17:57:32.771  1021  1398 W SensorService: Failed to write wake lock handled
10-14 17:57:32.959   500   565 I libPerfCtl: xgfGetFPS pid:1021 fps:-1
10-14 17:57:32.959   500   565 I libPerfCtl: xgfGetFPS pid:1910 fps:-1
10-14 17:57:32.959   500   565 I libPerfCtl: xgfGetFPS pid:3178 fps:-1
10-14 17:57:32.969  1762  1762 I WifiHAL : Get link layer stats
10-14 17:57:32.969  3085  3568 D AppDurationManager: timer===80
10-14 17:57:32.969  1762  1762 I WifiHAL : GetLinkStatsCommand::create
10-14 17:57:32.969  1762  1762 D android.hardware.wifi@1.0-service-lazy: WifiRequest::create vendor command to iface 11, vendor_id=0x1a11, subcmd=0x1200, res=0
10-14 17:57:32.969  1762  1762 I android.hardware.wifi@1.0-service-lazy: WifiCommand::requestResponse err=-14
10-14 17:57:32.969  1762  1762 I WifiHAL : wifi_get_link_stats: result=-1
10-14 17:57:32.970  1021  1508 E WifiVendorHal: getWifiLinkLayerStats_1_5_Internal(l.1176) failed {.code = ERROR_UNKNOWN, .description = unknown}
10-14 17:57:32.974   492   538 I Proximity: distance = 2
10-14 17:57:32.975  1021  1398 W SensorService: Failed to write wake lock handled
10-14 17:57:33.110  2929  2929 I Monkey  : :Sending Touch (ACTION_DOWN): 0:(643.0,1086.0)
10-14 17:57:33.112   500   576 I libPowerHal: [perfLockAcq] idx:1 hdl:79 hint:25 pid:500 duration:10000 lock_user:mtkpower@1.0-se => ret_hdl:79
10-14 17:57:33.112   500   576 I libPowerHal: [PE] MTKPOWER_HINT_APP_TOUCH update cmd:3408600 param:1
10-14 17:57:33.112  2929  2929 I Monkey  : :Sending Touch (ACTION_UP): 0:(645.7229,1100.6301)
10-14 17:57:33.113   500   576 I libPowerHal: [perfLockRel] hdl:79, idx:1
10-14 17:57:33.114   500   576 I libPowerHal: [PD] MTKPOWER_HINT_APP_TOUCH update cmd:3408600 param:0
10-14 17:57:33.114  2929  2929 I Monkey  : Sleeping for 1000 milliseconds
10-14 17:57:33.179   492   538 I Proximity: distance = 2
10-14 17:57:33.179  1021  1398 W SensorService: Failed to write wake lock handled
10-14 17:57:33.371  1021  1190 I am_uid_idle: 10058
10-14 17:57:33.377  1021  1190 I am_uid_idle: 10097
10-14 17:57:33.382   492   538 I Proximity: distance = 2
10-14 17:57:33.383  1021  1398 W SensorService: Failed to write wake lock handled
10-14 17:57:33.586   492   538 I Proximity: distance = 2
10-14 17:57:33.587  1021  1398 W SensorService: Failed to write wake lock handled
10-14 17:57:33.629  1021  1190 I am_uid_idle: 10027
10-14 17:57:33.717  5215  5215 I Monkey  : :Switch: #Intent;action=android.intent.action.MAIN;category=android.intent.category.LAUNCHER;launchFlags=0x10200000;component=com.yangcong345.android.phone/com.yangcong345.main.phone.splash.SplashActivity;end
10-14 17:57:33.719  1021  3533 I ActivityTaskManager: START u0 {act=android.intent.action.MAIN cat=[android.intent.category.LAUNCHER] flg=0x10200000 cmp=com.yangcong345.android.phone/com.yangcong345.main.phone.splash.SplashActivity} from uid 2000
10-14 17:57:33.720  5215  5215 I Monkey  :     // Allowing start of Intent { act=android.intent.action.MAIN cat=[android.intent.category.LAUNCHER] cmp=com.yangcong345.android.phone/com.yangcong345.main.phone.splash.SplashActivity } in package com.yangcong345.android.phone
10-14 17:57:33.722  1021  3533 E CellBroadcastUtils: getDefaultCellBroadcastReceiverPackageName: no package found
10-14 17:57:33.723  1021  3533 I wm_task_created: [159,-1]
10-14 17:57:33.726  1021  3533 I wm_task_moved: [159,1,2]
10-14 17:57:33.726  1021  3533 I wm_task_to_front: [0,159]
10-14 17:57:33.727  1021  3533 I wm_create_task: [0,159]
10-14 17:57:33.727  1021  3533 I wm_create_activity: [0,68595997,159,com.yangcong345.android.phone/com.yangcong345.main.phone.splash.SplashActivity,android.intent.action.MAIN,NULL,NULL,270532608]
10-14 17:57:33.727   500   523 I mtkpower@impl: [setMode] type:5, enabled:1
10-14 17:57:33.727  3178  3178 I wm_on_top_resumed_lost_called: [61431228,com.yangcong345.eye.protection.pro.DetailMainActivity,topStateChangedWhenResumed]
10-14 17:57:33.728  1021  3533 I wm_task_moved: [159,1,2]
10-14 17:57:33.728   500   576 I libPowerHal: [perfLockAcq] idx:1 hdl:80 hint:11 pid:500 duration:30000 lock_user:mtkpower@1.0-se => ret_hdl:80
10-14 17:57:33.728   500   576 I libPowerHal: [perfLockRel] hdl:78, idx:0
10-14 17:57:33.730  1021  3533 I wm_pause_activity: [0,61431228,com.yangcong345.eye.protection/.pro.DetailMainActivity,userLeaving=true,pauseBackTasks]
10-14 17:57:33.732  1021  3533 I PowerHalWrapper: <amsBoostResume> last:com.yangcong345.eye.protection, next:com.yangcong345.android.phone
10-14 17:57:33.733   500   576 I libPowerHal: [perfLockAcq] idx:0 hdl:81 hint:22 pid:500 duration:10000 lock_user:mtkpower@1.0-se => ret_hdl:81
10-14 17:57:33.733   500   576 I libPowerHal: [perfLockRel] hdl:73, idx:-1
10-14 17:57:33.736  5215  5215 I Monkey  : Sleeping for 1000 milliseconds
10-14 17:57:33.738  3178  3178 V Activity: onPause com.yangcong345.eye.protection.pro.DetailMainActivity@3b578c6
10-14 17:57:33.738  3178  3178 D CrashReport: >>> com.yangcong345.eye.protection.pro.DetailMainActivity onPaused <<<
10-14 17:57:33.739   485   843 I hwcomposer: [HWCDisplay] [Display_0 (type:1)] fps:9.202200,dur:2064.72,max:1775.81,min:14.07
10-14 17:57:33.741  3085  3568 D YCLockActivity: 【5】累计已使用的临时使用时长===0 ,临时限制时长tempDurationLimit:-1
10-14 17:57:33.741  3178  3178 I wm_on_paused_called: [61431228,com.yangcong345.eye.protection.pro.DetailMainActivity,performPause]
10-14 17:57:33.741  3085  3568 D PadDurationManager: 当前平板使用时间===20070
10-14 17:57:33.742  1021  3083 W ActivityTaskManager: Tried to set launchTime (0) < mLastActivityLaunchTime (107243)
10-14 17:57:33.742  1021  3083 I wm_add_to_stopping: [0,61431228,com.yangcong345.eye.protection/.pro.DetailMainActivity,makeInvisible]
10-14 17:57:33.746  1021  3083 I wm_restart_activity: [0,68595997,159,com.yangcong345.android.phone/com.yangcong345.main.phone.splash.SplashActivity]
10-14 17:57:33.746  1021  3083 I PowerHalWrapper: amsBoostNotify pid:3940,activity:com.yangcong345.main.phone.splash.SplashActivity, package:com.yangcong345.android.phone, mProcessCreatePackcom.yangcong345.eye.protection
10-14 17:57:33.746  1021  3083 I PowerHalWrapper: state: 1
10-14 17:57:33.746  1021  3083 I mtkpower_client: [Legacy][PowerHal_Wrap_notifyAppState] com.yangcong345.android.phone/com.yangcong345.main.phone.splash.SplashActivity pid=3940 state:1
10-14 17:57:33.746  1021  3083 I game_scn: collectForegroundAppList packName=com.yangcong345.android.phone, actName=com.yangcong345.main.phone.splash.SplashActivity, pid=3940, uid=10069, state:RESUMED
10-14 17:57:33.746  1021  3083 I game_scn: powerNotifyForegroundApp multi_resumed_app_info: pid: 3178, packname: com.yangcong345.eye.protection, actname: com.yangcong345.eye.protection.pro.DetailMainActivity
10-14 17:57:33.746  1021  3083 I game_scn: powerNotifyForegroundApp multi_resumed_app_info: pid: 3940, packname: com.yangcong345.android.phone, actname: com.yangcong345.main.phone.splash.SplashActivity
10-14 17:57:33.746  1021  3083 I PowerHalWrapper: amsBoostNotify AMS_BOOST_PROCESS_CREATE_BOOST:false
10-14 17:57:33.747   500   576 I libPowerHal: [perfNotifyAppState] pack:com.yangcong345.android.phone, act:com.yangcong345.main.phone.splash.SplashActivity, state:1, pid:3940, uid:10069, fps:-1
10-14 17:57:33.747   500   576 I libPowerHal: [perfNotifyAppState] foreground:com.yangcong345.android.phone, pid:3940, uid:10069
10-14 17:57:33.747  1021  3083 W WindowManager: Changing focus from Window{69eccc1 u0 com.yangcong345.eye.protection/com.yangcong345.eye.protection.pro.DetailMainActivity} to null displayId=0 Callers=com.android.server.wm.RootWindowContainer.updateFocusedWindowLocked:476 com.android.server.wm.WindowManagerService.updateFocusedWindowLocked:6179 com.android.server.wm.ActivityTaskManagerService.setResumedActivityUncheckLocked:4612 com.android.server.wm.TaskFragment.onActivityStateChanged:772
10-14 17:57:33.747   500   576 E UxUtility: notifyAppState error = NULL
10-14 17:57:33.747   500   576 I TouchUtility: notifyAppState error = NULL
10-14 17:57:33.747  1021  3083 I wm_set_resumed_activity: [0,com.yangcong345.android.phone/com.yangcong345.main.phone.splash.SplashActivity,minimalResumeActivityLocked]
10-14 17:57:33.748  1021  1159 I sysui_multi_action: [757,803,799,window_time_0,802,3]
10-14 17:57:33.748   500   522 I mtkpower@impl: [notifyAppState] pc:0, com.yangcong345.eye.protection => com.yangcong345.android.phone
10-14 17:57:33.749  3940  5301 D libMEOW : meow new tls: 0xb40000700c45a0e0
10-14 17:57:33.749  3940  5301 D libMEOW : applied 0 plugin for [com.yangcong345.android.phone].
10-14 17:57:33.749  3940  5301 D libMEOW : rebuild call chain: 0xb40000700c4ea170
10-14 17:57:33.749  3940  5301 D libMEOW : meow delete tls: 0xb40000700c45a0e0
10-14 17:57:33.752  1021  3083 I PowerHalWrapper: amsBoostNotify pid:3178,activity:com.yangcong345.eye.protection.pro.DetailMainActivity, package:com.yangcong345.eye.protection, mProcessCreatePackcom.yangcong345.eye.protection
10-14 17:57:33.752  1021  3083 I PowerHalWrapper: state: 0
10-14 17:57:33.752  1021  3083 I mtkpower_client: [Legacy][PowerHal_Wrap_notifyAppState] com.yangcong345.eye.protection/com.yangcong345.eye.protection.pro.DetailMainActivity pid=3178 state:0
10-14 17:57:33.752  1021  3083 I game_scn: collectForegroundAppList packName=com.yangcong345.eye.protection, actName=com.yangcong345.eye.protection.pro.DetailMainActivity, pid=3178, uid=10113, state:PAUSED
10-14 17:57:33.752  1021  3083 I game_scn: powerNotifyForegroundApp multi_resumed_app_info: pid: 3940, packname: com.yangcong345.android.phone, actname: com.yangcong345.main.phone.splash.SplashActivity
10-14 17:57:33.752   500   576 I libPowerHal: [perfNotifyAppState] pack:com.yangcong345.eye.protection, act:com.yangcong345.eye.protection.pro.DetailMainActivity, state:0, pid:3178, uid:10113, fps:-1
10-14 17:57:33.753  1021  3083 I PowerHalWrapper: amsBoostNotify AMS_BOOST_PROCESS_CREATE_BOOST:false
10-14 17:57:33.753  1021  1163 I input_focus: [Requesting to set focus to null window,reason=UpdateInputWindows]
10-14 17:57:33.754  1021  1162 D OomAdjuster: Not killing cached processes
10-14 17:57:33.760  1021  1195 W libprocessgroup: Failed to open /dev/blkio//cgroup.procs: No such file or directory
10-14 17:57:33.760  3940  3940 V Activity: onCreate com.yangcong345.main.phone.splash.SplashActivity@e28d3d7: null
10-14 17:57:33.761  3940  3940 D ActivityLifecycleShanYanTask: onActivityCreated name**com.yangcong345.main.phone.splash.SplashActivity**
10-14 17:57:33.761  3940  3940 D CrashReport: >>> com.yangcong345.main.phone.splash.SplashActivity onCreated <<<
--------- beginning of radio
10-14 17:57:33.761  2192  2192 D CapRIL  : resetProxyAndRequestList
10-14 17:57:33.762   368   368 I servicemanager: Could not find vendor.mediatek.hardware.mtkradioex.modem.IMtkRadioExModem/slot1 in the VINTF manifest.
10-14 17:57:33.763   369   369 I hwservicemanager: getTransport: Cannot find entry vendor.mediatek.hardware.mtkradioex@3.0::IMtkRadioEx/mtkCap1 in either framework or device VINTF manifest.
10-14 17:57:33.764  2192  2192 E CapRIL  : getMtkRadioExCapProxy getServiceV3_0: java.util.NoSuchElementException
10-14 17:57:33.764   369   369 I hwservicemanager: getTransport: Cannot find entry vendor.mediatek.hardware.mtkradioex@2.0::IMtkRadioEx/mtkCap1 in either framework or device VINTF manifest.
10-14 17:57:33.764  2192  2192 E CapRIL  : getMtkRadioExCapProxy getServiceV2_0: java.util.NoSuchElementException
10-14 17:57:33.764  2192  2192 E CapRIL  : getMtkRadioExCapProxy: is empty
10-14 17:57:33.768  3940  3940 E ActivityThread: Failed to find provider info for com.example.edcationcloud
10-14 17:57:33.769  3940  3940 E ActivityThread: Failed to find provider info for com.example.edcationcloud
10-14 17:57:33.770  3940  3940 D test_act: com.yangcong345.android.phone
10-14 17:57:33.771  1021  1361 I ActivityTaskManager: START u0 {act=android.intent.action.VIEW dat=ycmath://padlauncher.com/... cmp=com.yangcong345.cloud.ui.launcher/com.yangcong345.support.common.LauncherSchemeActivity} from uid 10069
10-14 17:57:33.771  1021  1441 I input_focus: [Focus leaving 69eccc1 com.yangcong345.eye.protection/com.yangcong345.eye.protection.pro.DetailMainActivity (server),reason=NO_WINDOW]
10-14 17:57:33.772  5215  5251 I Monkey  :     // Rejecting start of Intent { act=android.intent.action.VIEW dat=ycmath://padlauncher.com/... cmp=com.yangcong345.cloud.ui.launcher/com.yangcong345.support.common.LauncherSchemeActivity } in package com.yangcong345.cloud.ui.launcher
10-14 17:57:33.773  1021  1361 I wm_finish_activity: [0,68595997,159,com.yangcong345.android.phone/com.yangcong345.main.phone.splash.SplashActivity,app-request]
10-14 17:57:33.773  1021  1361 I wm_task_moved: [157,1,2]
10-14 17:57:33.773  1021  1361 I wm_task_to_front: [0,157]
10-14 17:57:33.773  1021  1361 I wm_focused_root_task: [0,0,157,159,finish-top adjustFocusToNextFocusableTask]
10-14 17:57:33.773  1021  1361 I wm_pause_activity: [0,68595997,com.yangcong345.android.phone/com.yangcong345.main.phone.splash.SplashActivity,userLeaving=false,finish]
10-14 17:57:33.776  3940  3940 I wm_on_create_called: [68595997,com.yangcong345.main.phone.splash.SplashActivity,performCreate]
10-14 17:57:33.777  1021  3533 I wm_add_to_stopping: [0,68595997,com.yangcong345.android.phone/com.yangcong345.main.phone.splash.SplashActivity,completeFinishing]
10-14 17:57:33.778  1021  3533 I PowerHalWrapper: amsBoostNotify pid:3178,activity:com.yangcong345.eye.protection.pro.DetailMainActivity, package:com.yangcong345.eye.protection, mProcessCreatePackcom.yangcong345.eye.protection
10-14 17:57:33.778  1021  3533 I PowerHalWrapper: state: 1
10-14 17:57:33.778  1021  3533 I mtkpower_client: [Legacy][PowerHal_Wrap_notifyAppState] com.yangcong345.eye.protection/com.yangcong345.eye.protection.pro.DetailMainActivity pid=3178 state:1
10-14 17:57:33.778  1021  3533 I game_scn: collectForegroundAppList packName=com.yangcong345.eye.protection, actName=com.yangcong345.eye.protection.pro.DetailMainActivity, pid=3178, uid=10113, state:RESUMED
10-14 17:57:33.778  1021  3533 I game_scn: powerNotifyForegroundApp multi_resumed_app_info: pid: 3940, packname: com.yangcong345.android.phone, actname: com.yangcong345.main.phone.splash.SplashActivity
10-14 17:57:33.778  1021  3533 I game_scn: powerNotifyForegroundApp multi_resumed_app_info: pid: 3178, packname: com.yangcong345.eye.protection, actname: com.yangcong345.eye.protection.pro.DetailMainActivity
10-14 17:57:33.778  1021  3533 I PowerHalWrapper: amsBoostNotify AMS_BOOST_PROCESS_CREATE_BOOST:false
10-14 17:57:33.778   500   576 I libPowerHal: [perfNotifyAppState] pack:com.yangcong345.eye.protection, act:com.yangcong345.eye.protection.pro.DetailMainActivity, state:1, pid:3178, uid:10113, fps:-1
10-14 17:57:33.778   500   576 I libPowerHal: [perfNotifyAppState] foreground:com.yangcong345.eye.protection, pid:3178, uid:10113
10-14 17:57:33.779   500   576 E UxUtility: notifyAppState error = NULL
10-14 17:57:33.779   500   576 I TouchUtility: notifyAppState error = NULL
10-14 17:57:33.779  1021  3533 W WindowManager: Changing focus from null to Window{69eccc1 u0 com.yangcong345.eye.protection/com.yangcong345.eye.protection.pro.DetailMainActivity} displayId=0 Callers=com.android.server.wm.RootWindowContainer.updateFocusedWindowLocked:476 com.android.server.wm.WindowManagerService.updateFocusedWindowLocked:6179 com.android.server.wm.ActivityTaskManagerService.setResumedActivityUncheckLocked:4612 com.android.server.wm.TaskFragment.onActivityStateChanged:772
10-14 17:57:33.779   500   522 I mtkpower@impl: [notifyAppState] pc:0, com.yangcong345.android.phone => com.yangcong345.eye.protection
10-14 17:57:33.779  1021  3533 I wm_set_resumed_activity: [0,com.yangcong345.eye.protection/.pro.DetailMainActivity,resumeTopActivity]
10-14 17:57:33.779  1021  3533 D qqqw    : updateRotationUnchecked mRotation=1, mLastOrientation=0
10-14 17:57:33.780  1021  3533 I wm_resume_activity: [0,61431228,157,com.yangcong345.eye.protection/.pro.DetailMainActivity]
10-14 17:57:33.781  1021  1159 I sysui_multi_action: [757,803,799,window_time_0,802,0]
10-14 17:57:33.782  3178  3178 V Activity: onResume com.yangcong345.eye.protection.pro.DetailMainActivity@3b578c6
10-14 17:57:33.782  3178  3178 D CrashReport: >>> com.yangcong345.eye.protection.pro.DetailMainActivity onResumed <<<
10-14 17:57:33.787  3085  3085 D onAccessibilityEvent111: EventType: TYPE_WINDOW_STATE_CHANGED; EventTime: 110322; PackageName: com.yangcong345.eye.protection; MovementGranularity: 0; Action: 0; ContentChangeTypes: []; WindowChangeTypes: [] [ ClassName: com.yangcong345.eye.protection.pro.DetailMainActivity; Text: [eyeProtection-staging]; ContentDescription: null; ItemCount: -1; CurrentItemIndex: -1; Enabled: true; Password: false; Checked: false; FullScreen: true; Scrollable: false; BeforeText: null; FromIndex: -1; ToIndex: -1; ScrollX: 0; ScrollY: 0; MaxScrollX: 0; MaxScrollY: 0; ScrollDeltaX: -1; ScrollDeltaY: -1; AddedCount: -1; RemovedCount: -1; ParcelableData: null ]; recordCount: 0
10-14 17:57:33.788  1021  1823 W ContextImpl: Calling a method in the system process without a qualified user: android.app.ContextImpl.sendBroadcast:1189 com.android.server.hra.HraManagerService.turnOnEyeComfort:1504 android.os.IHraManager$Stub.onTransact:1897 android.os.Binder.execTransactInternal:1285 android.os.Binder.execTransact:1244
10-14 17:57:33.789  3178  3178 I wm_on_resume_called: [61431228,com.yangcong345.eye.protection.pro.DetailMainActivity,RESUME_ACTIVITY]
10-14 17:57:33.790   492   538 I Proximity: distance = 2
10-14 17:57:33.791  1021  1398 W SensorService: Failed to write wake lock handled
10-14 17:57:33.793  1021  3533 I PowerHalWrapper: amsBoostNotify pid:3940,activity:com.yangcong345.main.phone.splash.SplashActivity, package:com.yangcong345.android.phone, mProcessCreatePackcom.yangcong345.eye.protection
10-14 17:57:33.793  1021  3533 I PowerHalWrapper: state: 0
10-14 17:57:33.794  1021  3533 I mtkpower_client: [Legacy][PowerHal_Wrap_notifyAppState] com.yangcong345.android.phone/com.yangcong345.main.phone.splash.SplashActivity pid=3940 state:0
10-14 17:57:33.794  1021  3533 I game_scn: collectForegroundAppList packName=com.yangcong345.android.phone, actName=com.yangcong345.main.phone.splash.SplashActivity, pid=3940, uid=10069, state:PAUSED
10-14 17:57:33.794   500   576 I libPowerHal: [perfNotifyAppState] pack:com.yangcong345.android.phone, act:com.yangcong345.main.phone.splash.SplashActivity, state:0, pid:3940, uid:10069, fps:-1
10-14 17:57:33.794  1021  3533 I game_scn: powerNotifyForegroundApp multi_resumed_app_info: pid: 3178, packname: com.yangcong345.eye.protection, actname: com.yangcong345.eye.protection.pro.DetailMainActivity
10-14 17:57:33.794  1021  3533 I PowerHalWrapper: amsBoostNotify AMS_BOOST_PROCESS_CREATE_BOOST:false
10-14 17:57:33.795  1021  1162 I wm_destroy_activity: [0,68595997,159,com.yangcong345.android.phone/com.yangcong345.main.phone.splash.SplashActivity,finish-imm:idle]
10-14 17:57:33.795  1021  1162 I PowerHalWrapper: amsBoostNotify pid:3940,activity:com.yangcong345.main.phone.splash.SplashActivity, package:com.yangcong345.android.phone, mProcessCreatePackcom.yangcong345.eye.protection
10-14 17:57:33.795  1021  1162 I PowerHalWrapper: state: 0
10-14 17:57:33.795  1021  1162 I mtkpower_client: [Legacy][PowerHal_Wrap_notifyAppState] com.yangcong345.android.phone/com.yangcong345.main.phone.splash.SplashActivity pid=3940 state:0
10-14 17:57:33.795  1021  1162 I game_scn: collectForegroundAppList packName=com.yangcong345.android.phone, actName=com.yangcong345.main.phone.splash.SplashActivity, pid=3940, uid=10069, state:PAUSED
10-14 17:57:33.795  1021  1162 I game_scn: powerNotifyForegroundApp multi_resumed_app_info: pid: 3178, packname: com.yangcong345.eye.protection, actname: com.yangcong345.eye.protection.pro.DetailMainActivity
10-14 17:57:33.795  1021  1162 I PowerHalWrapper: amsBoostNotify AMS_BOOST_PROCESS_CREATE_BOOST:false
10-14 17:57:33.795   500   576 I libPowerHal: [perfNotifyAppState] pack:com.yangcong345.android.phone, act:com.yangcong345.main.phone.splash.SplashActivity, state:0, pid:3940, uid:10069, fps:-1
10-14 17:57:33.796  1021  1163 I input_focus: [Focus request 69eccc1 com.yangcong345.eye.protection/com.yangcong345.eye.protection.pro.DetailMainActivity,reason=UpdateInputWindows]
10-14 17:57:33.796  3940  3940 V Activity: onDestroy com.yangcong345.main.phone.splash.SplashActivity@e28d3d7
10-14 17:57:33.797  3940  3940 W 5.android.phone: Accessing hidden field Landroid/view/inputmethod/InputMethodManager;->mCurRootView:Landroid/view/ViewRootImpl; (blocked, reflection, denied)
10-14 17:57:33.797  3940  3940 D ActivityLifecycleShanYanTask: onActivityDestroyed name**com.yangcong345.main.phone.splash.SplashActivity**
10-14 17:57:33.797  3940  3940 D CrashReport: >>> com.yangcong345.main.phone.splash.SplashActivity onDestroyed <<<
10-14 17:57:33.798  3940  3940 I wm_on_destroy_called: [68595997,com.yangcong345.main.phone.splash.SplashActivity,performDestroy]
10-14 17:57:33.799  1021  3533 D WindowManager: setParent old=Task{f651ef2 #159 type=standard A=10069:com.yangcong345.android.phone U=0 visible=false visibleRequested=false mode=fullscreen translucent=true sz=0},new=null,this window=ActivityRecord{416b11d u0 com.yangcong345.android.phone/com.yangcong345.main.phone.splash.SplashActivity} t159 f}},callers=com.android.server.wm.WindowContainer.removeChild:772 com.android.server.wm.TaskFragment.removeChild:2565 com.android.server.wm.Task.removeChild:1499 com.android.server.wm.Task.removeChild:1482 com.android.server.wm.WindowContainer.removeImmediately:828 com.android.server.wm.WindowToken.removeImmediately:350
10-14 17:57:33.800  1021  3533 I wm_task_removed: [159,removeChild:removeChild last r=ActivityRecord{416b11d u0 com.yangcong345.android.phone/com.yangcong345.main.phone.splash.SplashActivity} t-1 f}} in t=Task{f651ef2 #159 type=standard A=10069:com.yangcong345.android.phone U=0 visible=false visibleRequested=false mode=fullscreen translucent=true sz=0}]
10-14 17:57:33.800  1021  3533 I wm_task_removed: [159,removeChild]
10-14 17:57:33.801  1021  3533 D WindowManager: setParent old=DefaultTaskDisplayArea@227847002,new=null,this window=Task{f651ef2 #159 type=standard A=10069:com.yangcong345.android.phone U=0 visible=false visibleRequested=false mode=fullscreen translucent=true sz=0},callers=com.android.server.wm.WindowContainer.removeChild:772 com.android.server.wm.TaskDisplayArea.removeChildTask:359 com.android.server.wm.TaskDisplayArea.removeChild:350 com.android.server.wm.WindowContainer.removeImmediately:828 com.android.server.wm.TaskFragment.removeImmediately:2645 com.android.server.wm.Task.removeImmediately:2587
10-14 17:57:33.802  3178  3178 I wm_on_top_resumed_gained_called: [61431228,com.yangcong345.eye.protection.pro.DetailMainActivity,topWhenResuming]
10-14 17:57:33.806  1021  1441 I input_focus: [Focus entering 69eccc1 com.yangcong345.eye.protection/com.yangcong345.eye.protection.pro.DetailMainActivity (server),reason=Window became focusable. Previous reason: NO_WINDOW]
10-14 17:57:33.807  1021  1195 W libprocessgroup: Failed to open /dev/blkio//cgroup.procs: No such file or directory
