10-14 17:57:41.776  2192  2192 E CapRIL  : getMtkRadioExCapProxy getServiceV3_0: java.util.NoSuchElementException
10-14 17:57:41.776   369   369 I hwservicemanager: getTransport: Cannot find entry vendor.mediatek.hardware.mtkradioex@2.0::IMtkRadioEx/mtkCap1 in either framework or device VINTF manifest.
10-14 17:57:41.777  2192  2192 E CapRIL  : getMtkRadioExCapProxy getServiceV2_0: java.util.NoSuchElementException
10-14 17:57:41.777  2192  2192 E CapRIL  : getMtkRadioExCapProxy: is empty
10-14 17:57:41.777   715   750 D AAL     : 10-14 05:57:41.712 BL= 448,ESS= 256, 10-14 05:57:41.761 BL= 449,ESS= 256,
10-14 17:57:41.778   492   538 I Proximity: distance = 2
10-14 17:57:41.779  1021  1398 W SensorService: Failed to write wake lock handled
10-14 17:57:41.816  5215  5215 I Monkey  : :Sending Touch (ACTION_DOWN): 0:(1715.0,541.0)
10-14 17:57:41.819   500   576 I libPowerHal: [perfLockAcq] idx:0 hdl:92 hint:25 pid:500 duration:10000 lock_user:mtkpower@1.0-se => ret_hdl:92
10-14 17:57:41.820   500   576 I libPowerHal: [PE] MTKPOWER_HINT_APP_TOUCH update cmd:3408600 param:1
10-14 17:57:41.820  5215  5215 I Monkey  : :Sending Touch (ACTION_UP): 0:(1706.7522,539.0342)
10-14 17:57:41.822   500   576 I libPowerHal: [perfLockRel] hdl:92, idx:0
10-14 17:57:41.822  5215  5215 I Monkey  : Sleeping for 1000 milliseconds
10-14 17:57:41.822   500   576 I libPowerHal: [PD] MTKPOWER_HINT_APP_TOUCH update cmd:3408600 param:0
10-14 17:57:41.963   500   565 I libPerfCtl: xgfGetFPS pid:1910 fps:-1
10-14 17:57:41.963   500   565 I libPerfCtl: xgfGetFPS pid:3178 fps:-1
10-14 17:57:41.983   492   538 I Proximity: distance = 2
10-14 17:57:41.984  1021  1398 W SensorService: Failed to write wake lock handled
10-14 17:57:42.042  1762  1762 I WifiHAL : Get link layer stats
10-14 17:57:42.042  1762  1762 I WifiHAL : GetLinkStatsCommand::create
10-14 17:57:42.042  1762  1762 D android.hardware.wifi@1.0-service-lazy: WifiRequest::create vendor command to iface 11, vendor_id=0x1a11, subcmd=0x1200, res=0
10-14 17:57:42.043  1762  1762 I android.hardware.wifi@1.0-service-lazy: WifiCommand::requestResponse err=-14
10-14 17:57:42.043  1762  1762 I WifiHAL : wifi_get_link_stats: result=-1
10-14 17:57:42.044  1021  1508 E WifiVendorHal: getWifiLinkLayerStats_1_5_Internal(l.1176) failed {.code = ERROR_UNKNOWN, .description = unknown}
10-14 17:57:42.186   492   538 I Proximity: distance = 2
10-14 17:57:42.188  1021  1398 W SensorService: Failed to write wake lock handled
10-14 17:57:42.240  2929  2929 I Monkey  : :Sending Touch (ACTION_DOWN): 0:(1563.0,753.0)
10-14 17:57:42.241   500   576 I libPowerHal: [perfLockAcq] idx:0 hdl:93 hint:25 pid:500 duration:10000 lock_user:mtkpower@1.0-se => ret_hdl:93
10-14 17:57:42.242   500   576 I libPowerHal: [PE] MTKPOWER_HINT_APP_TOUCH update cmd:3408600 param:1
10-14 17:57:42.243  2929  2929 I Monkey  : :Sending Touch (ACTION_UP): 0:(1560.348,759.09955)
10-14 17:57:42.245   500   576 I libPowerHal: [perfLockRel] hdl:93, idx:0
10-14 17:57:42.245   500   576 I libPowerHal: [PD] MTKPOWER_HINT_APP_TOUCH update cmd:3408600 param:0
10-14 17:57:42.246  2929  2929 I Monkey  : Sleeping for 1000 milliseconds
10-14 17:57:42.391   492   538 I Proximity: distance = 2
10-14 17:57:42.393  1021  1398 W SensorService: Failed to write wake lock handled
10-14 17:57:42.594   492   538 I Proximity: distance = 2
10-14 17:57:42.595  1021  1398 W SensorService: Failed to write wake lock handled
10-14 17:57:42.799   492   538 I Proximity: distance = 2
10-14 17:57:42.800  1021  1398 W SensorService: Failed to write wake lock handled
10-14 17:57:42.823  5215  5215 I Monkey  : :Sending Touch (ACTION_DOWN): 0:(1241.0,33.0)
10-14 17:57:42.825  1021  1441 I input_interaction: Interaction with: d664d53 StatusBar (server), [Gesture Monitor] swipe-up (server), [Gesture Monitor] edge-swipe (server), PointerEventDispatcher0 (server),
10-14 17:57:42.826   500   576 I libPowerHal: [perfLockAcq] idx:0 hdl:94 hint:25 pid:500 duration:10000 lock_user:mtkpower@1.0-se => ret_hdl:94
10-14 17:57:42.827   500   576 I libPowerHal: [PE] MTKPOWER_HINT_APP_TOUCH update cmd:3408600 param:1
10-14 17:57:42.828  5215  5215 I Monkey  : :Sending Touch (ACTION_UP): 0:(1259.8517,41.650173)
10-14 17:57:42.829   500   576 I libPowerHal: [perfLockRel] hdl:94, idx:0
10-14 17:57:42.829   500   576 I libPowerHal: [PD] MTKPOWER_HINT_APP_TOUCH update cmd:3408600 param:0
10-14 17:57:42.829  1910  1910 I sysui_multi_action: [757,803,799,panel_open,802,1]
10-14 17:57:42.830  1910  1910 I sysui_multi_action: [757,1328,758,4,1326,64,1327,2,1329,1]
10-14 17:57:42.831  5215  5215 I Monkey  : Sleeping for 1000 milliseconds
10-14 17:57:42.883  1021  1823 I am_meminfo: [556408832,3120558080,4096,300969984,598359040]
10-14 17:57:42.963   500   565 I libPerfCtl: xgfGetFPS pid:1910 fps:-1
10-14 17:57:42.963   500   565 I libPerfCtl: xgfGetFPS pid:3178 fps:-1
10-14 17:57:42.972  3085  3560 D AppDurationManager: timer===90
10-14 17:57:43.003   492   538 I Proximity: distance = 2
10-14 17:57:43.005  1021  1398 W SensorService: Failed to write wake lock handled
10-14 17:57:43.025  2192  2192 D SmsRIL  : resetProxyAndRequestList
10-14 17:57:43.026   368   368 I servicemanager: Could not find vendor.mediatek.hardware.mtkradioex.ims.IMtkRadioExIms/slot1 in the VINTF manifest.
10-14 17:57:43.028   369   369 I hwservicemanager: getTransport: Cannot find entry vendor.mediatek.hardware.mtkradioex@3.0::IMtkRadioEx/imsSlot1 in either framework or device VINTF manifest.
10-14 17:57:43.029  2192  2192 E SmsRIL  : getMtkRadioExSmsProxy getServiceV3_0: java.util.NoSuchElementException
10-14 17:57:43.030  2192  2192 E SmsRIL  : getMtkRadioExSmsProxy: is empty
10-14 17:57:43.207   492   538 I Proximity: distance = 2
10-14 17:57:43.209  1021  1398 W SensorService: Failed to write wake lock handled
10-14 17:57:43.248  2929  2929 I Monkey  : :Sending Touch (ACTION_DOWN): 0:(1489.0,1033.0)
10-14 17:57:43.250  1021  1441 I input_interaction: Interaction with: 69eccc1 com.yangcong345.eye.protection/com.yangcong345.eye.protection.pro.DetailMainActivity (server), [Gesture Monitor] swipe-up (server), [Gesture Monitor] edge-swipe (server), PointerEventDispatcher0 (server),
10-14 17:57:43.250   500   576 I libPowerHal: [perfLockAcq] idx:0 hdl:95 hint:25 pid:500 duration:10000 lock_user:mtkpower@1.0-se => ret_hdl:95
10-14 17:57:43.251   500   576 I libPowerHal: [PE] MTKPOWER_HINT_APP_TOUCH update cmd:3408600 param:1
10-14 17:57:43.251  2929  2929 I Monkey  : :Sending Touch (ACTION_UP): 0:(1476.3285,1023.16473)
10-14 17:57:43.252   500   576 I libPowerHal: [perfLockRel] hdl:95, idx:0
10-14 17:57:43.253   500   576 I libPowerHal: [PD] MTKPOWER_HINT_APP_TOUCH update cmd:3408600 param:0
10-14 17:57:43.253  2929  2929 I Monkey  : Sleeping for 1000 milliseconds
10-14 17:57:43.411   492   538 I Proximity: distance = 2
10-14 17:57:43.412  1021  1398 W SensorService: Failed to write wake lock handled
10-14 17:57:43.495  1021  1074 I am_meminfo: [556457984,3120893952,4096,300814336,598536192]
10-14 17:57:43.615   492   538 I Proximity: distance = 2
10-14 17:57:43.617  1021  1398 W SensorService: Failed to write wake lock handled
10-14 17:57:43.745  3085  3560 D YCLockActivity: 【5】累计已使用的临时使用时长===0 ,临时限制时长tempDurationLimit:-1
10-14 17:57:43.746  3085  3560 D PadDurationManager: 当前平板使用时间===20080
10-14 17:57:43.819   492   538 I Proximity: distance = 2
10-14 17:57:43.821  1021  1398 W SensorService: Failed to write wake lock handled
10-14 17:57:43.832  5215  5215 I Monkey  : :Sending Touch (ACTION_DOWN): 0:(1284.0,129.0)
10-14 17:57:43.835  5215  5215 I Monkey  : :Sending Touch (ACTION_UP): 0:(1283.971,129.39507)
10-14 17:57:43.835   500   576 I libPowerHal: [perfLockAcq] idx:0 hdl:96 hint:25 pid:500 duration:10000 lock_user:mtkpower@1.0-se => ret_hdl:96
10-14 17:57:43.837   500   576 I libPowerHal: [PE] MTKPOWER_HINT_APP_TOUCH update cmd:3408600 param:1
10-14 17:57:43.838   500   576 I libPowerHal: [perfLockRel] hdl:96, idx:0
10-14 17:57:43.839   500   576 I libPowerHal: [PD] MTKPOWER_HINT_APP_TOUCH update cmd:3408600 param:0
10-14 17:57:43.839  5215  5215 I Monkey  : Sleeping for 1000 milliseconds
10-14 17:57:43.964   500   565 I libPerfCtl: xgfGetFPS pid:1910 fps:-1
10-14 17:57:43.964   500   565 I libPerfCtl: xgfGetFPS pid:3178 fps:-1
10-14 17:57:43.970   707   707 I thermal_repeater: socket -1
10-14 17:57:44.022   492   538 I Proximity: distance = 2
10-14 17:57:44.024  1021  1398 W SensorService: Failed to write wake lock handled
10-14 17:57:44.124  3940  4919 W 5.android.phone: Cleared Reference was only reachable from finalizer (only reported once)
10-14 17:57:44.129  3940  4919 I 5.android.phone: Explicit concurrent copying GC freed 34255(1926KB) AllocSpace objects, 18(616KB) LOS objects, 50% free, 14MB/28MB, paused 151us,105us total 83.553ms
10-14 17:57:44.227   492   538 I Proximity: distance = 2
10-14 17:57:44.229  1021  1398 W SensorService: Failed to write wake lock handled
10-14 17:57:44.254  2929  2929 I Monkey  : :Sending Touch (ACTION_DOWN): 0:(1184.0,346.0)
10-14 17:57:44.257   500   576 I libPowerHal: [perfLockAcq] idx:0 hdl:97 hint:25 pid:500 duration:10000 lock_user:mtkpower@1.0-se => ret_hdl:97
10-14 17:57:44.257  2929  2929 I Monkey  : :Sending Touch (ACTION_UP): 0:(1183.7579,350.4617)
10-14 17:57:44.259   500   576 I libPowerHal: [PE] MTKPOWER_HINT_APP_TOUCH update cmd:3408600 param:1
10-14 17:57:44.259   500   576 I libPowerHal: [perfLockRel] hdl:97, idx:0
10-14 17:57:44.260   500   576 I libPowerHal: [PD] MTKPOWER_HINT_APP_TOUCH update cmd:3408600 param:0
10-14 17:57:44.261  2929  2929 I Monkey  : Sleeping for 1000 milliseconds
10-14 17:57:44.431   492   538 I Proximity: distance = 2
10-14 17:57:44.433  1021  1398 W SensorService: Failed to write wake lock handled
10-14 17:57:44.635   492   538 I Proximity: distance = 2
10-14 17:57:44.638  1021  1398 W SensorService: Failed to write wake lock handled
10-14 17:57:44.839   492   538 I Proximity: distance = 2
10-14 17:57:44.840  5215  5215 I Monkey  : :Sending Touch (ACTION_DOWN): 0:(1179.0,1115.0)
10-14 17:57:44.841  1021  1398 W SensorService: Failed to write wake lock handled
10-14 17:57:44.844  5215  5215 I Monkey  : :Sending Touch (ACTION_UP): 0:(1180.5485,1106.6091)
10-14 17:57:44.846   500   576 I libPowerHal: [perfLockAcq] idx:0 hdl:98 hint:25 pid:500 duration:10000 lock_user:mtkpower@1.0-se => ret_hdl:98
10-14 17:57:44.847   500   576 I libPowerHal: [PE] MTKPOWER_HINT_APP_TOUCH update cmd:3408600 param:1
10-14 17:57:44.848  5215  5215 I Monkey  : Sleeping for 1000 milliseconds
10-14 17:57:44.848   500   576 I libPowerHal: [perfLockRel] hdl:98, idx:0
10-14 17:57:44.849   500   576 I libPowerHal: [PD] MTKPOWER_HINT_APP_TOUCH update cmd:3408600 param:0
10-14 17:57:44.964   500   565 I libPerfCtl: xgfGetFPS pid:1910 fps:-1
10-14 17:57:44.964   500   565 I libPerfCtl: xgfGetFPS pid:3178 fps:-1
10-14 17:57:45.043   492   538 I Proximity: distance = 2
10-14 17:57:45.045  1021  1398 W SensorService: Failed to write wake lock handled
10-14 17:57:45.069  1762  1762 I WifiHAL : Get link layer stats
10-14 17:57:45.070  1762  1762 I WifiHAL : GetLinkStatsCommand::create
10-14 17:57:45.070  1762  1762 D android.hardware.wifi@1.0-service-lazy: WifiRequest::create vendor command to iface 11, vendor_id=0x1a11, subcmd=0x1200, res=0
10-14 17:57:45.070  1762  1762 I android.hardware.wifi@1.0-service-lazy: WifiCommand::requestResponse err=-14
10-14 17:57:45.070  1762  1762 I WifiHAL : wifi_get_link_stats: result=-1
10-14 17:57:45.072  1021  1508 E WifiVendorHal: getWifiLinkLayerStats_1_5_Internal(l.1176) failed {.code = ERROR_UNKNOWN, .description = unknown}
10-14 17:57:45.088  1910  1910 D WifiSignalController: isWifi6: false,wifiVisible: true
10-14 17:57:45.089  1910  1910 D WifiSignalController: iconId: 17302904
10-14 17:57:45.128   510   510 I BufferQueueProducer: [StatusBar#70](this:0xb400007b661fc188,id:-1,api:0,p:-1,c:510) queueBuffer: fps=0.17 dur=6042.37 max=6042.37 min=6042.37
10-14 17:57:45.131   485   843 I hwcomposer: [HWCDisplay] [Display_0 (type:1)] fps:0.952113,dur:5251.48,max:4288.89,min:15.99
10-14 17:57:45.246   492   538 I Proximity: distance = 2
10-14 17:57:45.247  1021  1398 W SensorService: Failed to write wake lock handled
10-14 17:57:45.262  2929  2929 I Monkey  : :Sending Touch (ACTION_DOWN): 0:(1256.0,818.0)
10-14 17:57:45.263   500   576 I libPowerHal: [perfLockAcq] idx:0 hdl:99 hint:25 pid:500 duration:10000 lock_user:mtkpower@1.0-se => ret_hdl:99
10-14 17:57:45.264   500   576 I libPowerHal: [PE] MTKPOWER_HINT_APP_TOUCH update cmd:3408600 param:1
10-14 17:57:45.265  2929  2929 I Monkey  : :Sending Touch (ACTION_UP): 0:(1249.8728,804.028)
10-14 17:57:45.266   500   576 I libPowerHal: [perfLockRel] hdl:99, idx:0
10-14 17:57:45.266   500   576 I libPowerHal: [PD] MTKPOWER_HINT_APP_TOUCH update cmd:3408600 param:0
10-14 17:57:45.268  2929  2929 I Monkey  : Sleeping for 1000 milliseconds
10-14 17:57:45.451   492   538 I Proximity: distance = 2
10-14 17:57:45.452  1021  1398 W SensorService: Failed to write wake lock handled
10-14 17:57:45.655   492   538 I Proximity: distance = 2
10-14 17:57:45.657  1021  1398 W SensorService: Failed to write wake lock handled
10-14 17:57:45.778  2192  2192 D CapRIL  : resetProxyAndRequestList
10-14 17:57:45.779   368   368 I servicemanager: Could not find vendor.mediatek.hardware.mtkradioex.modem.IMtkRadioExModem/slot1 in the VINTF manifest.
10-14 17:57:45.781   369   369 I hwservicemanager: getTransport: Cannot find entry vendor.mediatek.hardware.mtkradioex@3.0::IMtkRadioEx/mtkCap1 in either framework or device VINTF manifest.
10-14 17:57:45.782  2192  2192 E CapRIL  : getMtkRadioExCapProxy getServiceV3_0: java.util.NoSuchElementException
10-14 17:57:45.783   369   369 I hwservicemanager: getTransport: Cannot find entry vendor.mediatek.hardware.mtkradioex@2.0::IMtkRadioEx/mtkCap1 in either framework or device VINTF manifest.
10-14 17:57:45.784  2192  2192 E CapRIL  : getMtkRadioExCapProxy getServiceV2_0: java.util.NoSuchElementException
10-14 17:57:45.784  2192  2192 E CapRIL  : getMtkRadioExCapProxy: is empty
10-14 17:57:45.849  5215  5215 I Monkey  : :Sending Touch (ACTION_DOWN): 0:(1357.0,897.0)
10-14 17:57:45.852   500   576 I libPowerHal: [perfLockAcq] idx:0 hdl:100 hint:25 pid:500 duration:10000 lock_user:mtkpower@1.0-se => ret_hdl:100
10-14 17:57:45.853   500   576 I libPowerHal: [PE] MTKPOWER_HINT_APP_TOUCH update cmd:3408600 param:1
10-14 17:57:45.853  5215  5215 I Monkey  : :Sending Touch (ACTION_UP): 0:(1355.7937,885.64685)
10-14 17:57:45.855  5215  5215 I Monkey  : Sleeping for 1000 milliseconds
10-14 17:57:45.856   500   576 I libPowerHal: [perfLockRel] hdl:100, idx:0
10-14 17:57:45.857   500   576 I libPowerHal: [PD] MTKPOWER_HINT_APP_TOUCH update cmd:3408600 param:0
10-14 17:57:45.862   492   538 I Proximity: distance = 2
10-14 17:57:45.864  1021  1398 W SensorService: Failed to write wake lock handled
10-14 17:57:45.964   500   565 I libPerfCtl: xgfGetFPS pid:1910 fps:-1
10-14 17:57:45.965   500   565 I libPerfCtl: xgfGetFPS pid:3178 fps:-1
10-14 17:57:46.067   492   538 I Proximity: distance = 2
10-14 17:57:46.069  1021  1398 W SensorService: Failed to write wake lock handled
10-14 17:57:46.270  2929  2929 I Monkey  : :Sending Touch (ACTION_DOWN): 0:(1266.0,270.0)
10-14 17:57:46.271   492   538 I Proximity: distance = 2
10-14 17:57:46.273   500   576 I libPowerHal: [perfLockAcq] idx:0 hdl:101 hint:25 pid:500 duration:10000 lock_user:mtkpower@1.0-se => ret_hdl:101
10-14 17:57:46.273  1021  1398 W SensorService: Failed to write wake lock handled
10-14 17:57:46.274   500   576 I libPowerHal: [PE] MTKPOWER_HINT_APP_TOUCH update cmd:3408600 param:1
10-14 17:57:46.275  2929  2929 I Monkey  : :Sending Touch (ACTION_UP): 0:(1289.4053,287.19244)
10-14 17:57:46.276   500   576 I libPowerHal: [perfLockRel] hdl:101, idx:0
10-14 17:57:46.277   500   576 I libPowerHal: [PD] MTKPOWER_HINT_APP_TOUCH update cmd:3408600 param:0
10-14 17:57:46.277  2929  2929 I Monkey  : Sleeping for 1000 milliseconds
10-14 17:57:46.465  3178  4443 I .eye.protection: Explicit concurrent copying GC freed 6092(310KB) AllocSpace objects, 1(20KB) LOS objects, 49% free, 4898KB/9797KB, paused 59us,46us total 27.364ms
10-14 17:57:46.475   492   538 I Proximity: distance = 2
10-14 17:57:46.477  1021  1398 W SensorService: Failed to write wake lock handled
10-14 17:57:46.679   492   538 I Proximity: distance = 2
10-14 17:57:46.681  1021  1398 W SensorService: Failed to write wake lock handled
10-14 17:57:46.856  5215  5215 I Monkey  : :Sending Key (ACTION_DOWN): 19    // KEYCODE_DPAD_UP
10-14 17:57:46.859  1021  1441 I input_interaction: Interaction with: 69eccc1 com.yangcong345.eye.protection/com.yangcong345.eye.protection.pro.DetailMainActivity (server), PointerEventDispatcher0 (server),
10-14 17:57:46.861  5215  5215 I Monkey  : :Sending Key (ACTION_UP): 19    // KEYCODE_DPAD_UP
10-14 17:57:46.862  1021  1074 D InputDispatcher: Touch mode switch rejected, caller (pid=0, uid=10113) doesn't own the focused window nor none of the previously interacted window
10-14 17:57:46.867  5215  5215 I Monkey  : Sleeping for 1000 milliseconds
10-14 17:57:46.882   492   538 I Proximity: distance = 2
10-14 17:57:46.884  1021  1398 W SensorService: Failed to write wake lock handled
10-14 17:57:46.905   510   510 I BufferQueueProducer: [com.yangcong345.eye.protection/com.yangcong345.eye.protection.pro.DetailMainActivity#164](this:0xb400007b66240708,id:-1,api:0,p:-1,c:510) queueBuffer: fps=0.16 dur=6064.15 max=6064.15 min=6064.15
10-14 17:57:46.908   485   843 I hwcomposer: [HWCDisplay] [Display_0 (type:1)] fps:0.562892,dur:1776.54,max:1776.54,min:1776.54
10-14 17:57:46.965   500   565 I libPerfCtl: xgfGetFPS pid:1910 fps:-1
10-14 17:57:46.966   500   565 I libPerfCtl: xgfGetFPS pid:3178 fps:63
10-14 17:57:46.966   500   565 I libPowerHal: [updateFPS] pid(3178) : -1 => 60
10-14 17:57:46.967   500   576 I libPowerHal: [perfNotifyAppState] pack:com.yangcong345.eye.protection, act:com.yangcong345.eye.protection.pro.DetailMainActivity, state:5, pid:3178, uid:10113, fps:60
10-14 17:57:46.968   500   576 E UxUtility: notifyAppState error = NULL
10-14 17:57:46.968   500   576 I TouchUtility: notifyAppState error = NULL
10-14 17:57:47.030  2192  2192 D SmsRIL  : resetProxyAndRequestList
10-14 17:57:47.031   368   368 I servicemanager: Could not find vendor.mediatek.hardware.mtkradioex.ims.IMtkRadioExIms/slot1 in the VINTF manifest.
10-14 17:57:47.033   369   369 I hwservicemanager: getTransport: Cannot find entry vendor.mediatek.hardware.mtkradioex@3.0::IMtkRadioEx/imsSlot1 in either framework or device VINTF manifest.
10-14 17:57:47.033  2192  2192 E SmsRIL  : getMtkRadioExSmsProxy getServiceV3_0: java.util.NoSuchElementException
10-14 17:57:47.033  2192  2192 E SmsRIL  : getMtkRadioExSmsProxy: is empty
10-14 17:57:47.087   492   538 I Proximity: distance = 2
10-14 17:57:47.089  1021  1398 W SensorService: Failed to write wake lock handled
10-14 17:57:47.173   715   750 D AAL     : 10-14 05:57:47.029 BL= 448,ESS= 256, 10-14 05:57:47.076 BL= 447,ESS= 256, 10-14 05:57:47.125 BL= 446,ESS= 256, 10-14 05:57:47.141 BL= 445,ESS= 256, 10-14 05:57:47.173 BL= 444,ESS= 256,
10-14 17:57:47.279  2929  2929 I Monkey  : :Sending Touch (ACTION_DOWN): 0:(19.0,418.0)
10-14 17:57:47.281  1021  1441 I input_interaction: Interaction with: 69eccc1 com.yangcong345.eye.protection/com.yangcong345.eye.protection.pro.DetailMainActivity (server), [Gesture Monitor] swipe-up (server), [Gesture Monitor] edge-swipe (server), PointerEventDispatcher0 (server),
10-14 17:57:47.281   500   576 I libPowerHal: [perfLockAcq] idx:0 hdl:102 hint:25 pid:500 duration:10000 lock_user:mtkpower@1.0-se => ret_hdl:102
10-14 17:57:47.283   500   576 I libPowerHal: [PE] MTKPOWER_HINT_APP_TOUCH update cmd:3408600 param:1
10-14 17:57:47.285  2929  2929 I Monkey  : :Sending Touch (ACTION_UP): 0:(17.143688,413.8884)
10-14 17:57:47.287   500   576 I libPowerHal: [perfLockRel] hdl:102, idx:0
10-14 17:57:47.287  1910  1910 D ShellBackPreview: Finishing gesture with event action: 1
10-14 17:57:47.287  1910  1910 D ShellBackPreview: onGestureFinished() mTriggerBack == false
10-14 17:57:47.288   500   576 I libPowerHal: [PD] MTKPOWER_HINT_APP_TOUCH update cmd:3408600 param:0
10-14 17:57:47.288  2929  2929 I Monkey  : Sleeping for 1000 milliseconds
10-14 17:57:47.288   510   888 I BpBinder: onLastStrongRef automatically unlinking death recipients: <uncached descriptor>
10-14 17:57:47.290   492   538 I Proximity: distance = 2
10-14 17:57:47.292  1021  1398 W SensorService: Failed to write wake lock handled
10-14 17:57:47.350   715   750 D AAL     : 10-14 05:57:47.221 BL= 443,ESS= 256, 10-14 05:57:47.254 BL= 442,ESS= 256, 10-14 05:57:47.286 BL= 441,ESS= 256, 10-14 05:57:47.334 BL= 440,ESS= 256, 10-14 05:57:47.350 BL= 441,ESS= 256,
10-14 17:57:47.495   492   538 I Proximity: distance = 2
10-14 17:57:47.496  1021  1398 W SensorService: Failed to write wake lock handled
10-14 17:57:47.545   715   750 D AAL     : 10-14 05:57:47.400 BL= 442,ESS= 256, 10-14 05:57:47.432 BL= 443,ESS= 256, 10-14 05:57:47.464 BL= 444,ESS= 256, 10-14 05:57:47.512 BL= 445,ESS= 256, 10-14 05:57:47.545 BL= 446,ESS= 256,
10-14 17:57:47.673   715   750 D AAL     : 10-14 05:57:47.577 BL= 447,ESS= 256, 10-14 05:57:47.609 BL= 448,ESS= 256, 10-14 05:57:47.658 BL= 449,ESS= 256,
10-14 17:57:47.702   492   538 I Proximity: distance = 2
10-14 17:57:47.705  1021  1398 W SensorService: Failed to write wake lock handled
10-14 17:57:47.868  5215  5215 I Monkey  : :Sending Touch (ACTION_DOWN): 0:(845.0,1018.0)
10-14 17:57:47.872   500   576 I libPowerHal: [perfLockAcq] idx:0 hdl:103 hint:25 pid:500 duration:10000 lock_user:mtkpower@1.0-se => ret_hdl:103
10-14 17:57:47.873   500   576 I libPowerHal: [PE] MTKPOWER_HINT_APP_TOUCH update cmd:3408600 param:1
10-14 17:57:47.873  5215  5215 I Monkey  : :Sending Touch (ACTION_UP): 0:(855.71545,1017.2614)
10-14 17:57:47.875   500   576 I libPowerHal: [perfLockRel] hdl:103, idx:0
10-14 17:57:47.875   500   576 I libPowerHal: [PD] MTKPOWER_HINT_APP_TOUCH update cmd:3408600 param:0
10-14 17:57:47.876  5215  5215 I Monkey  : Sleeping for 1000 milliseconds
10-14 17:57:47.906   492   538 I Proximity: distance = 2
10-14 17:57:47.908  1021  1398 W SensorService: Failed to write wake lock handled
10-14 17:57:47.965   500   565 I libPerfCtl: xgfGetFPS pid:1910 fps:-1
10-14 17:57:47.965   500   565 I libPerfCtl: xgfGetFPS pid:3178 fps:-1
10-14 17:57:47.965   500   565 I libPowerHal: [updateFPS] pid(3178) : 60 => -1
10-14 17:57:47.966   500   576 I libPowerHal: [perfNotifyAppState] pack:com.yangcong345.eye.protection, act:com.yangcong345.eye.protection.pro.DetailMainActivity, state:5, pid:3178, uid:10113, fps:-1
10-14 17:57:47.966   500   576 E UxUtility: notifyAppState error = NULL
10-14 17:57:47.966   500   576 I TouchUtility: notifyAppState error = NULL
10-14 17:57:48.091  1762  1762 I WifiHAL : Get link layer stats
10-14 17:57:48.091  1762  1762 I WifiHAL : GetLinkStatsCommand::create
10-14 17:57:48.091  1762  1762 D android.hardware.wifi@1.0-service-lazy: WifiRequest::create vendor command to iface 11, vendor_id=0x1a11, subcmd=0x1200, res=0
10-14 17:57:48.092  1762  1762 I android.hardware.wifi@1.0-service-lazy: WifiCommand::requestResponse err=-14
10-14 17:57:48.092  1762  1762 I WifiHAL : wifi_get_link_stats: result=-1
10-14 17:57:48.093  1021  1508 E WifiVendorHal: getWifiLinkLayerStats_1_5_Internal(l.1176) failed {.code = ERROR_UNKNOWN, .description = unknown}
10-14 17:57:48.115   492   538 I Proximity: distance = 2
10-14 17:57:48.117  1021  1398 W SensorService: Failed to write wake lock handled
10-14 17:57:48.257   489   489 I auditd  : type=1400 audit(0.0:5438): avc: denied { read } for comm="health@2.1-serv" name="online" dev="sysfs" ino=31776 scontext=u:r:hal_health_default:s0 tcontext=u:object_r:sysfs:s0 tclass=file permissive=1
10-14 17:57:48.257   489   489 I health@2.1-serv: type=1400 audit(0.0:5438): avc: denied { read } for name="online" dev="sysfs" ino=31776 scontext=u:r:hal_health_default:s0 tcontext=u:object_r:sysfs:s0 tclass=file permissive=1
10-14 17:57:48.257   489   489 I auditd  : type=1400 audit(0.0:5439): avc: denied { open } for comm="health@2.1-serv" path="/sys/devices/platform/1100f000.i2c3/i2c-3/3-001a/power_supply/sgm4154x-charger/online" dev="sysfs" ino=31776 scontext=u:r:hal_health_default:s0 tcontext=u:object_r:sysfs:s0 tclass=file permissive=1
10-14 17:57:48.257   489   489 I health@2.1-serv: type=1400 audit(0.0:5439): avc: denied { open } for path="/sys/devices/platform/1100f000.i2c3/i2c-3/3-001a/power_supply/sgm4154x-charger/online" dev="sysfs" ino=31776 scontext=u:r:hal_health_default:s0 tcontext=u:object_r:sysfs:s0 tclass=file permissive=1
